
   FAIL  Tests\Feature\PointSystemTest
  ⨯ award points calculates correctly                                    0.49s
  ⨯ award points decay logic                                             0.02s
  ⨯ daily reset logic                                                    0.01s
  ────────────────────────────────────────────────────────────────────────────
   FAILED  Tests\Feature\PointSystemTest > award poi…  MissingAppKeyException
  No application encryption key has been specified.

  at vendor/laravel/framework/src/Illuminate/Encryption/EncryptionServiceProvider.php:83
     79▕     protected function key(array $config)
     80▕     {
     81▕         return tap($config['key'], function ($key) {
     82▕             if (empty($key)) {
  ➜  83▕                 throw new MissingAppKeyException;
     84▕             }
     85▕         });
     86▕     }
     87▕ }

      [2m+19 vendor frames [22m
  20  tests/Feature/PointSystemTest.php:20

  ────────────────────────────────────────────────────────────────────────────
   FAILED  Tests\Feature\PointSystemTest > award poi…  MissingAppKeyException
  No application encryption key has been specified.

  at vendor/laravel/framework/src/Illuminate/Encryption/EncryptionServiceProvider.php:83
     79▕     protected function key(array $config)
     80▕     {
     81▕         return tap($config['key'], function ($key) {
     82▕             if (empty($key)) {
  ➜  83▕                 throw new MissingAppKeyException;
     84▕             }
     85▕         });
     86▕     }
     87▕ }

      [2m+19 vendor frames [22m
  20  tests/Feature/PointSystemTest.php:51

  ────────────────────────────────────────────────────────────────────────────
   FAILED  Tests\Feature\PointSystemTest > daily res…  MissingAppKeyException
  No application encryption key has been specified.

  at vendor/laravel/framework/src/Illuminate/Encryption/EncryptionServiceProvider.php:83
     79▕     protected function key(array $config)
     80▕     {
     81▕         return tap($config['key'], function ($key) {
     82▕             if (empty($key)) {
  ➜  83▕                 throw new MissingAppKeyException;
     84▕             }
     85▕         });
     86▕     }
     87▕ }

      [2m+19 vendor frames [22m
  20  tests/Feature/PointSystemTest.php:81


  Tests:    3 failed (0 assertions)
  Duration: 0.60s
